[2025-08-12T10:14:17.289-0400][gc,init] CardTable entry size: 512
[2025-08-12T10:14:17.289-0400][gc     ] Using G1
[2025-08-12T10:14:17.291-0400][gc,init] Version: 23.0.2 (release)
[2025-08-12T10:14:17.291-0400][gc,init] CPUs: 8 total, 8 available
[2025-08-12T10:14:17.291-0400][gc,init] Memory: 16384M
[2025-08-12T10:14:17.291-0400][gc,init] Large Page Support: Disabled
[2025-08-12T10:14:17.291-0400][gc,init] NUMA Support: Disabled
[2025-08-12T10:14:17.291-0400][gc,init] Compressed Oops: Enabled (Zero based)
[2025-08-12T10:14:17.291-0400][gc,init] Heap Region Size: 2M
[2025-08-12T10:14:17.291-0400][gc,init] Heap Min Capacity: 4G
[2025-08-12T10:14:17.291-0400][gc,init] Heap Initial Capacity: 4G
[2025-08-12T10:14:17.291-0400][gc,init] Heap Max Capacity: 4G
[2025-08-12T10:14:17.291-0400][gc,init] Pre-touch: Disabled
[2025-08-12T10:14:17.291-0400][gc,init] Parallel Workers: 8
[2025-08-12T10:14:17.291-0400][gc,init] Concurrent Workers: 2
[2025-08-12T10:14:17.291-0400][gc,init] Concurrent Refinement Workers: 8
[2025-08-12T10:14:17.291-0400][gc,init] Periodic GC: Disabled
[2025-08-12T10:14:17.294-0400][gc,metaspace] CDS archive(s) mapped at: [0x0000070000000000-0x0000070000d94000-0x0000070000d94000), size 14237696, SharedBaseAddress: 0x0000070000000000, ArchiveRelocationMode: 1.
[2025-08-12T10:14:17.294-0400][gc,metaspace] Compressed class space mapped at: 0x0000070001000000-0x0000070041000000, reserved size: 1073741824
[2025-08-12T10:14:17.294-0400][gc,metaspace] Narrow klass base: 0x0000070000000000, Narrow klass shift: 0, Narrow klass range: 0x100000000
[2025-08-12T10:14:17.349-0400][gc,heap,exit] Heap
[2025-08-12T10:14:17.349-0400][gc,heap,exit]  garbage-first heap   total reserved 4194304K, committed 4194304K, used 5236K [0x0000000700000000, 0x0000000800000000)
[2025-08-12T10:14:17.349-0400][gc,heap,exit]   region size 2048K, 2 young (4096K), 0 survivors (0K)
[2025-08-12T10:14:17.349-0400][gc,heap,exit]  Metaspace       used 512K, committed 704K, reserved 1114112K
[2025-08-12T10:14:17.349-0400][gc,heap,exit]   class space    used 57K, committed 128K, reserved 1048576K
