[2025-08-12T10:20:28.521-0400][gc,init] CardTable entry size: 512
[2025-08-12T10:20:28.521-0400][gc     ] Using G1
[2025-08-12T10:20:28.524-0400][gc,init] Version: 23.0.2 (release)
[2025-08-12T10:20:28.524-0400][gc,init] CPUs: 8 total, 8 available
[2025-08-12T10:20:28.524-0400][gc,init] Memory: 16384M
[2025-08-12T10:20:28.524-0400][gc,init] Large Page Support: Disabled
[2025-08-12T10:20:28.524-0400][gc,init] NUMA Support: Disabled
[2025-08-12T10:20:28.524-0400][gc,init] Compressed Oops: Enabled (Zero based)
[2025-08-12T10:20:28.524-0400][gc,init] Heap Region Size: 2M
[2025-08-12T10:20:28.524-0400][gc,init] Heap Min Capacity: 4G
[2025-08-12T10:20:28.524-0400][gc,init] Heap Initial Capacity: 4G
[2025-08-12T10:20:28.524-0400][gc,init] Heap Max Capacity: 4G
[2025-08-12T10:20:28.524-0400][gc,init] Pre-touch: Disabled
[2025-08-12T10:20:28.524-0400][gc,init] Parallel Workers: 8
[2025-08-12T10:20:28.524-0400][gc,init] Concurrent Workers: 2
[2025-08-12T10:20:28.524-0400][gc,init] Concurrent Refinement Workers: 8
[2025-08-12T10:20:28.524-0400][gc,init] Periodic GC: Disabled
[2025-08-12T10:20:28.527-0400][gc,metaspace] CDS archive(s) mapped at: [0x000001e000000000-0x000001e000d94000-0x000001e000d94000), size 14237696, SharedBaseAddress: 0x000001e000000000, ArchiveRelocationMode: 1.
[2025-08-12T10:20:28.527-0400][gc,metaspace] Compressed class space mapped at: 0x000001e001000000-0x000001e041000000, reserved size: 1073741824
[2025-08-12T10:20:28.527-0400][gc,metaspace] Narrow klass base: 0x000001e000000000, Narrow klass shift: 0, Narrow klass range: 0x100000000
[2025-08-12T10:20:29.287-0400][gc,start    ] GC(0) Pause Young (Concurrent Start) (Metadata GC Threshold)
[2025-08-12T10:20:29.287-0400][gc,task     ] GC(0) Using 8 workers of 8 for evacuation
[2025-08-12T10:20:29.291-0400][gc,phases   ] GC(0)   Pre Evacuate Collection Set: 0.24ms
[2025-08-12T10:20:29.291-0400][gc,phases   ] GC(0)   Merge Heap Roots: 0.04ms
[2025-08-12T10:20:29.291-0400][gc,phases   ] GC(0)   Evacuate Collection Set: 3.11ms
[2025-08-12T10:20:29.291-0400][gc,phases   ] GC(0)   Post Evacuate Collection Set: 0.34ms
[2025-08-12T10:20:29.291-0400][gc,phases   ] GC(0)   Other: 0.16ms
[2025-08-12T10:20:29.291-0400][gc,heap     ] GC(0) Eden regions: 58->0(93)
[2025-08-12T10:20:29.291-0400][gc,heap     ] GC(0) Survivor regions: 0->9(13)
[2025-08-12T10:20:29.291-0400][gc,heap     ] GC(0) Old regions: 1->1
[2025-08-12T10:20:29.291-0400][gc,heap     ] GC(0) Humongous regions: 1->1
[2025-08-12T10:20:29.291-0400][gc,metaspace] GC(0) Metaspace: 21203K(21504K)->21203K(21504K) NonClass: 18276K(18432K)->18276K(18432K) Class: 2926K(3072K)->2926K(3072K)
[2025-08-12T10:20:29.291-0400][gc          ] GC(0) Pause Young (Concurrent Start) (Metadata GC Threshold) 119M->19M(4096M) 4.042ms
[2025-08-12T10:20:29.291-0400][gc,cpu      ] GC(0) User=0.02s Sys=0.01s Real=0.01s
[2025-08-12T10:20:29.291-0400][gc          ] GC(1) Concurrent Mark Cycle
[2025-08-12T10:20:29.291-0400][gc,marking  ] GC(1) Concurrent Scan Root Regions
[2025-08-12T10:20:29.293-0400][gc,marking  ] GC(1) Concurrent Scan Root Regions 2.634ms
[2025-08-12T10:20:29.293-0400][gc,marking  ] GC(1) Concurrent Mark
[2025-08-12T10:20:29.293-0400][gc,marking  ] GC(1) Concurrent Mark From Roots
[2025-08-12T10:20:29.293-0400][gc,task     ] GC(1) Using 2 workers of 2 for marking
[2025-08-12T10:20:29.294-0400][gc,marking  ] GC(1) Concurrent Mark From Roots 0.947ms
[2025-08-12T10:20:29.294-0400][gc,marking  ] GC(1) Concurrent Preclean
[2025-08-12T10:20:29.294-0400][gc,marking  ] GC(1) Concurrent Preclean 0.005ms
[2025-08-12T10:20:29.294-0400][gc,start    ] GC(1) Pause Remark
[2025-08-12T10:20:29.295-0400][gc          ] GC(1) Pause Remark 23M->23M(4096M) 0.759ms
[2025-08-12T10:20:29.295-0400][gc,cpu      ] GC(1) User=0.00s Sys=0.00s Real=0.00s
[2025-08-12T10:20:29.295-0400][gc,marking  ] GC(1) Concurrent Mark 1.801ms
[2025-08-12T10:20:29.295-0400][gc,marking  ] GC(1) Concurrent Rebuild Remembered Sets and Scrub Regions
[2025-08-12T10:20:29.295-0400][gc,marking  ] GC(1) Concurrent Rebuild Remembered Sets and Scrub Regions 0.361ms
[2025-08-12T10:20:29.296-0400][gc,start    ] GC(1) Pause Cleanup
[2025-08-12T10:20:29.296-0400][gc          ] GC(1) Pause Cleanup 23M->23M(4096M) 0.022ms
[2025-08-12T10:20:29.296-0400][gc,cpu      ] GC(1) User=0.00s Sys=0.00s Real=0.00s
[2025-08-12T10:20:29.296-0400][gc,marking  ] GC(1) Concurrent Clear Claimed Marks
[2025-08-12T10:20:29.296-0400][gc,marking  ] GC(1) Concurrent Clear Claimed Marks 0.012ms
[2025-08-12T10:20:29.296-0400][gc,marking  ] GC(1) Concurrent Cleanup for Next Mark
[2025-08-12T10:20:29.314-0400][gc,marking  ] GC(1) Concurrent Cleanup for Next Mark 18.715ms
[2025-08-12T10:20:29.314-0400][gc          ] GC(1) Concurrent Mark Cycle 23.698ms
[2025-08-12T10:20:30.076-0400][gc,start    ] GC(2) Pause Young (Prepare Mixed) (Metadata GC Threshold)
[2025-08-12T10:20:30.076-0400][gc,task     ] GC(2) Using 8 workers of 8 for evacuation
[2025-08-12T10:20:30.082-0400][gc,phases   ] GC(2)   Pre Evacuate Collection Set: 0.13ms
[2025-08-12T10:20:30.082-0400][gc,phases   ] GC(2)   Merge Heap Roots: 0.04ms
[2025-08-12T10:20:30.082-0400][gc,phases   ] GC(2)   Evacuate Collection Set: 4.76ms
[2025-08-12T10:20:30.082-0400][gc,phases   ] GC(2)   Post Evacuate Collection Set: 0.54ms
[2025-08-12T10:20:30.082-0400][gc,phases   ] GC(2)   Other: 0.04ms
[2025-08-12T10:20:30.082-0400][gc,heap     ] GC(2) Eden regions: 79->0(95)
[2025-08-12T10:20:30.082-0400][gc,heap     ] GC(2) Survivor regions: 9->7(13)
[2025-08-12T10:20:30.082-0400][gc,heap     ] GC(2) Old regions: 1->10
[2025-08-12T10:20:30.082-0400][gc,heap     ] GC(2) Humongous regions: 1->1
[2025-08-12T10:20:30.082-0400][gc,metaspace] GC(2) Metaspace: 35633K(36096K)->35633K(36096K) NonClass: 30419K(30656K)->30419K(30656K) Class: 5214K(5440K)->5214K(5440K)
[2025-08-12T10:20:30.082-0400][gc          ] GC(2) Pause Young (Prepare Mixed) (Metadata GC Threshold) 177M->31M(4096M) 5.614ms
[2025-08-12T10:20:30.082-0400][gc,cpu      ] GC(2) User=0.04s Sys=0.01s Real=0.01s
[2025-08-12T10:20:30.088-0400][gc,start    ] GC(3) Pause Young (Mixed) (Metadata GC Threshold)
[2025-08-12T10:20:30.088-0400][gc,task     ] GC(3) Using 8 workers of 8 for evacuation
[2025-08-12T10:20:30.092-0400][gc,phases   ] GC(3)   Pre Evacuate Collection Set: 0.14ms
[2025-08-12T10:20:30.092-0400][gc,phases   ] GC(3)   Merge Heap Roots: 0.05ms
[2025-08-12T10:20:30.092-0400][gc,phases   ] GC(3)   Evacuate Collection Set: 3.49ms
[2025-08-12T10:20:30.092-0400][gc,phases   ] GC(3)   Post Evacuate Collection Set: 0.39ms
[2025-08-12T10:20:30.092-0400][gc,phases   ] GC(3)   Other: 0.03ms
[2025-08-12T10:20:30.092-0400][gc,heap     ] GC(3) Eden regions: 1->0(96)
[2025-08-12T10:20:30.092-0400][gc,heap     ] GC(3) Survivor regions: 7->6(13)
[2025-08-12T10:20:30.092-0400][gc,heap     ] GC(3) Old regions: 10->10
[2025-08-12T10:20:30.092-0400][gc,heap     ] GC(3) Humongous regions: 1->1
[2025-08-12T10:20:30.092-0400][gc,metaspace] GC(3) Metaspace: 35873K(36416K)->35873K(36416K) NonClass: 30636K(30912K)->30636K(30912K) Class: 5237K(5504K)->5237K(5504K)
[2025-08-12T10:20:30.092-0400][gc          ] GC(3) Pause Young (Mixed) (Metadata GC Threshold) 33M->31M(4096M) 4.177ms
[2025-08-12T10:20:30.092-0400][gc,cpu      ] GC(3) User=0.02s Sys=0.00s Real=0.01s
[2025-08-12T10:20:30.103-0400][gc,start    ] GC(4) Pause Young (Concurrent Start) (Metadata GC Threshold)
[2025-08-12T10:20:30.103-0400][gc,task     ] GC(4) Using 8 workers of 8 for evacuation
[2025-08-12T10:20:30.106-0400][gc,phases   ] GC(4)   Pre Evacuate Collection Set: 0.12ms
[2025-08-12T10:20:30.106-0400][gc,phases   ] GC(4)   Merge Heap Roots: 0.03ms
[2025-08-12T10:20:30.106-0400][gc,phases   ] GC(4)   Evacuate Collection Set: 2.06ms
[2025-08-12T10:20:30.106-0400][gc,phases   ] GC(4)   Post Evacuate Collection Set: 0.32ms
[2025-08-12T10:20:30.106-0400][gc,phases   ] GC(4)   Other: 0.04ms
[2025-08-12T10:20:30.106-0400][gc,heap     ] GC(4) Eden regions: 1->0(96)
[2025-08-12T10:20:30.106-0400][gc,heap     ] GC(4) Survivor regions: 6->6(13)
[2025-08-12T10:20:30.106-0400][gc,heap     ] GC(4) Old regions: 10->10
[2025-08-12T10:20:30.106-0400][gc,heap     ] GC(4) Humongous regions: 1->1
[2025-08-12T10:20:30.106-0400][gc,metaspace] GC(4) Metaspace: 36286K(36736K)->36286K(36736K) NonClass: 31010K(31232K)->31010K(31232K) Class: 5276K(5504K)->5276K(5504K)
[2025-08-12T10:20:30.106-0400][gc          ] GC(4) Pause Young (Concurrent Start) (Metadata GC Threshold) 33M->32M(4096M) 2.641ms
[2025-08-12T10:20:30.106-0400][gc,cpu      ] GC(4) User=0.02s Sys=0.00s Real=0.00s
[2025-08-12T10:20:30.106-0400][gc          ] GC(5) Concurrent Mark Cycle
[2025-08-12T10:20:30.106-0400][gc,marking  ] GC(5) Concurrent Scan Root Regions
[2025-08-12T10:20:30.109-0400][gc,marking  ] GC(5) Concurrent Scan Root Regions 2.734ms
[2025-08-12T10:20:30.109-0400][gc,marking  ] GC(5) Concurrent Mark
[2025-08-12T10:20:30.109-0400][gc,marking  ] GC(5) Concurrent Mark From Roots
[2025-08-12T10:20:30.109-0400][gc,task     ] GC(5) Using 2 workers of 2 for marking
[2025-08-12T10:20:30.112-0400][gc,marking  ] GC(5) Concurrent Mark From Roots 3.745ms
[2025-08-12T10:20:30.112-0400][gc,marking  ] GC(5) Concurrent Preclean
[2025-08-12T10:20:30.112-0400][gc,marking  ] GC(5) Concurrent Preclean 0.026ms
[2025-08-12T10:20:30.112-0400][gc,start    ] GC(5) Pause Remark
[2025-08-12T10:20:30.113-0400][gc          ] GC(5) Pause Remark 33M->33M(4096M) 0.952ms
[2025-08-12T10:20:30.113-0400][gc,cpu      ] GC(5) User=0.00s Sys=0.00s Real=0.00s
[2025-08-12T10:20:30.113-0400][gc,marking  ] GC(5) Concurrent Mark 4.792ms
[2025-08-12T10:20:30.113-0400][gc,marking  ] GC(5) Concurrent Rebuild Remembered Sets and Scrub Regions
[2025-08-12T10:20:30.116-0400][gc,marking  ] GC(5) Concurrent Rebuild Remembered Sets and Scrub Regions 2.383ms
[2025-08-12T10:20:30.116-0400][gc,start    ] GC(5) Pause Cleanup
[2025-08-12T10:20:30.116-0400][gc          ] GC(5) Pause Cleanup 34M->34M(4096M) 0.016ms
[2025-08-12T10:20:30.116-0400][gc,cpu      ] GC(5) User=0.00s Sys=0.00s Real=0.00s
[2025-08-12T10:20:30.116-0400][gc,marking  ] GC(5) Concurrent Clear Claimed Marks
[2025-08-12T10:20:30.116-0400][gc,marking  ] GC(5) Concurrent Clear Claimed Marks 0.011ms
[2025-08-12T10:20:30.116-0400][gc,marking  ] GC(5) Concurrent Cleanup for Next Mark
[2025-08-12T10:20:30.119-0400][gc,marking  ] GC(5) Concurrent Cleanup for Next Mark 2.707ms
[2025-08-12T10:20:30.119-0400][gc          ] GC(5) Concurrent Mark Cycle 12.742ms
[2025-08-12T10:20:30.897-0400][gc,start    ] GC(6) Pause Young (Prepare Mixed) (Metadata GC Threshold)
[2025-08-12T10:20:30.897-0400][gc,task     ] GC(6) Using 8 workers of 8 for evacuation
[2025-08-12T10:20:30.902-0400][gc,phases   ] GC(6)   Pre Evacuate Collection Set: 0.12ms
[2025-08-12T10:20:30.902-0400][gc,phases   ] GC(6)   Merge Heap Roots: 0.04ms
[2025-08-12T10:20:30.902-0400][gc,phases   ] GC(6)   Evacuate Collection Set: 4.05ms
[2025-08-12T10:20:30.902-0400][gc,phases   ] GC(6)   Post Evacuate Collection Set: 0.47ms
[2025-08-12T10:20:30.902-0400][gc,phases   ] GC(6)   Other: 0.04ms
[2025-08-12T10:20:30.902-0400][gc,heap     ] GC(6) Eden regions: 67->0(92)
[2025-08-12T10:20:30.902-0400][gc,heap     ] GC(6) Survivor regions: 6->10(13)
[2025-08-12T10:20:30.902-0400][gc,heap     ] GC(6) Old regions: 10->10
[2025-08-12T10:20:30.902-0400][gc,heap     ] GC(6) Humongous regions: 1->1
[2025-08-12T10:20:30.902-0400][gc,metaspace] GC(6) Metaspace: 61140K(61696K)->61140K(61696K) NonClass: 52307K(52608K)->52307K(52608K) Class: 8832K(9088K)->8832K(9088K)
[2025-08-12T10:20:30.902-0400][gc          ] GC(6) Pause Young (Prepare Mixed) (Metadata GC Threshold) 166M->38M(4096M) 4.842ms
[2025-08-12T10:20:30.902-0400][gc,cpu      ] GC(6) User=0.04s Sys=0.00s Real=0.01s
[2025-08-12T10:20:30.911-0400][gc,start    ] GC(7) Pause Young (Mixed) (Metadata GC Threshold)
[2025-08-12T10:20:30.912-0400][gc,task     ] GC(7) Using 8 workers of 8 for evacuation
[2025-08-12T10:20:30.917-0400][gc,phases   ] GC(7)   Pre Evacuate Collection Set: 0.20ms
[2025-08-12T10:20:30.917-0400][gc,phases   ] GC(7)   Merge Heap Roots: 0.06ms
[2025-08-12T10:20:30.917-0400][gc,phases   ] GC(7)   Evacuate Collection Set: 4.23ms
[2025-08-12T10:20:30.917-0400][gc,phases   ] GC(7)   Post Evacuate Collection Set: 0.59ms
[2025-08-12T10:20:30.917-0400][gc,phases   ] GC(7)   Other: 0.03ms
[2025-08-12T10:20:30.917-0400][gc,heap     ] GC(7) Eden regions: 1->0(97)
[2025-08-12T10:20:30.917-0400][gc,heap     ] GC(7) Survivor regions: 10->5(13)
[2025-08-12T10:20:30.917-0400][gc,heap     ] GC(7) Old regions: 10->14
[2025-08-12T10:20:30.917-0400][gc,heap     ] GC(7) Humongous regions: 1->1
[2025-08-12T10:20:30.917-0400][gc,metaspace] GC(7) Metaspace: 61415K(62016K)->61415K(62016K) NonClass: 52574K(52928K)->52574K(52928K) Class: 8841K(9088K)->8841K(9088K)
[2025-08-12T10:20:30.917-0400][gc          ] GC(7) Pause Young (Mixed) (Metadata GC Threshold) 39M->37M(4096M) 5.212ms
[2025-08-12T10:20:30.917-0400][gc,cpu      ] GC(7) User=0.03s Sys=0.00s Real=0.00s
[2025-08-12T10:20:30.923-0400][gc,start    ] GC(8) Pause Young (Concurrent Start) (Metadata GC Threshold)
[2025-08-12T10:20:30.923-0400][gc,task     ] GC(8) Using 8 workers of 8 for evacuation
[2025-08-12T10:20:30.926-0400][gc,phases   ] GC(8)   Pre Evacuate Collection Set: 0.13ms
[2025-08-12T10:20:30.926-0400][gc,phases   ] GC(8)   Merge Heap Roots: 0.03ms
[2025-08-12T10:20:30.926-0400][gc,phases   ] GC(8)   Evacuate Collection Set: 1.92ms
[2025-08-12T10:20:30.926-0400][gc,phases   ] GC(8)   Post Evacuate Collection Set: 0.29ms
[2025-08-12T10:20:30.926-0400][gc,phases   ] GC(8)   Other: 0.03ms
[2025-08-12T10:20:30.926-0400][gc,heap     ] GC(8) Eden regions: 1->0(109)
[2025-08-12T10:20:30.926-0400][gc,heap     ] GC(8) Survivor regions: 5->5(13)
[2025-08-12T10:20:30.926-0400][gc,heap     ] GC(8) Old regions: 14->14
[2025-08-12T10:20:30.926-0400][gc,heap     ] GC(8) Humongous regions: 1->1
[2025-08-12T10:20:30.926-0400][gc,metaspace] GC(8) Metaspace: 61751K(62336K)->61751K(62336K) NonClass: 52724K(53056K)->52724K(53056K) Class: 9026K(9280K)->9026K(9280K)
[2025-08-12T10:20:30.926-0400][gc          ] GC(8) Pause Young (Concurrent Start) (Metadata GC Threshold) 38M->38M(4096M) 2.464ms
[2025-08-12T10:20:30.926-0400][gc,cpu      ] GC(8) User=0.01s Sys=0.00s Real=0.00s
[2025-08-12T10:20:30.926-0400][gc          ] GC(9) Concurrent Mark Cycle
[2025-08-12T10:20:30.926-0400][gc,marking  ] GC(9) Concurrent Scan Root Regions
[2025-08-12T10:20:30.928-0400][gc,marking  ] GC(9) Concurrent Scan Root Regions 2.088ms
[2025-08-12T10:20:30.928-0400][gc,marking  ] GC(9) Concurrent Mark
[2025-08-12T10:20:30.928-0400][gc,marking  ] GC(9) Concurrent Mark From Roots
[2025-08-12T10:20:30.928-0400][gc,task     ] GC(9) Using 2 workers of 2 for marking
[2025-08-12T10:20:30.936-0400][gc,marking  ] GC(9) Concurrent Mark From Roots 8.163ms
[2025-08-12T10:20:30.936-0400][gc,marking  ] GC(9) Concurrent Preclean
[2025-08-12T10:20:30.936-0400][gc,marking  ] GC(9) Concurrent Preclean 0.036ms
[2025-08-12T10:20:30.936-0400][gc,start    ] GC(9) Pause Remark
[2025-08-12T10:20:30.938-0400][gc          ] GC(9) Pause Remark 40M->40M(4096M) 1.674ms
[2025-08-12T10:20:30.938-0400][gc,cpu      ] GC(9) User=0.01s Sys=0.00s Real=0.00s
[2025-08-12T10:20:30.938-0400][gc,marking  ] GC(9) Concurrent Mark 9.956ms
[2025-08-12T10:20:30.938-0400][gc,marking  ] GC(9) Concurrent Rebuild Remembered Sets and Scrub Regions
[2025-08-12T10:20:30.942-0400][gc,marking  ] GC(9) Concurrent Rebuild Remembered Sets and Scrub Regions 4.602ms
[2025-08-12T10:20:30.942-0400][gc,start    ] GC(9) Pause Cleanup
[2025-08-12T10:20:30.942-0400][gc          ] GC(9) Pause Cleanup 41M->41M(4096M) 0.027ms
[2025-08-12T10:20:30.942-0400][gc,cpu      ] GC(9) User=0.00s Sys=0.00s Real=0.00s
[2025-08-12T10:20:30.942-0400][gc,marking  ] GC(9) Concurrent Clear Claimed Marks
[2025-08-12T10:20:30.942-0400][gc,marking  ] GC(9) Concurrent Clear Claimed Marks 0.025ms
[2025-08-12T10:20:30.942-0400][gc,marking  ] GC(9) Concurrent Cleanup for Next Mark
[2025-08-12T10:20:30.944-0400][gc,marking  ] GC(9) Concurrent Cleanup for Next Mark 1.606ms
[2025-08-12T10:20:30.944-0400][gc          ] GC(9) Concurrent Mark Cycle 18.405ms
[2025-08-12T10:20:32.065-0400][gc,start    ] GC(10) Pause Young (Prepare Mixed) (G1 Evacuation Pause)
[2025-08-12T10:20:32.065-0400][gc,task     ] GC(10) Using 8 workers of 8 for evacuation
[2025-08-12T10:20:32.070-0400][gc,phases   ] GC(10)   Pre Evacuate Collection Set: 0.14ms
[2025-08-12T10:20:32.070-0400][gc,phases   ] GC(10)   Merge Heap Roots: 0.05ms
[2025-08-12T10:20:32.070-0400][gc,phases   ] GC(10)   Evacuate Collection Set: 4.21ms
[2025-08-12T10:20:32.070-0400][gc,phases   ] GC(10)   Post Evacuate Collection Set: 0.46ms
[2025-08-12T10:20:32.070-0400][gc,phases   ] GC(10)   Other: 0.05ms
[2025-08-12T10:20:32.070-0400][gc,heap     ] GC(10) Eden regions: 104->0(103)
[2025-08-12T10:20:32.070-0400][gc,heap     ] GC(10) Survivor regions: 5->9(14)
[2025-08-12T10:20:32.070-0400][gc,heap     ] GC(10) Old regions: 14->14
[2025-08-12T10:20:32.070-0400][gc,heap     ] GC(10) Humongous regions: 1->1
[2025-08-12T10:20:32.070-0400][gc,metaspace] GC(10) Metaspace: 78268K(78976K)->78268K(78976K) NonClass: 66424K(66816K)->66424K(66816K) Class: 11844K(12160K)->11844K(12160K)
[2025-08-12T10:20:32.070-0400][gc          ] GC(10) Pause Young (Prepare Mixed) (G1 Evacuation Pause) 246M->45M(4096M) 5.045ms
[2025-08-12T10:20:32.070-0400][gc,cpu      ] GC(10) User=0.03s Sys=0.00s Real=0.01s
[2025-08-12T10:20:32.295-0400][gc,start    ] GC(11) Pause Young (Mixed) (G1 Evacuation Pause)
[2025-08-12T10:20:32.295-0400][gc,task     ] GC(11) Using 8 workers of 8 for evacuation
[2025-08-12T10:20:32.307-0400][gc,phases   ] GC(11)   Pre Evacuate Collection Set: 0.15ms
[2025-08-12T10:20:32.308-0400][gc,phases   ] GC(11)   Merge Heap Roots: 0.05ms
[2025-08-12T10:20:32.308-0400][gc,phases   ] GC(11)   Evacuate Collection Set: 11.50ms
[2025-08-12T10:20:32.308-0400][gc,phases   ] GC(11)   Post Evacuate Collection Set: 0.46ms
[2025-08-12T10:20:32.308-0400][gc,phases   ] GC(11)   Other: 0.04ms
[2025-08-12T10:20:32.308-0400][gc,heap     ] GC(11) Eden regions: 102->0(92)
[2025-08-12T10:20:32.308-0400][gc,heap     ] GC(11) Survivor regions: 9->14(14)
[2025-08-12T10:20:32.308-0400][gc,heap     ] GC(11) Old regions: 14->29
[2025-08-12T10:20:32.308-0400][gc,heap     ] GC(11) Humongous regions: 2->2
[2025-08-12T10:20:32.308-0400][gc,metaspace] GC(11) Metaspace: 78280K(78976K)->78280K(78976K) NonClass: 66434K(66816K)->66434K(66816K) Class: 11845K(12160K)->11845K(12160K)
[2025-08-12T10:20:32.308-0400][gc          ] GC(11) Pause Young (Mixed) (G1 Evacuation Pause) 251M->88M(4096M) 12.318ms
[2025-08-12T10:20:32.308-0400][gc,cpu      ] GC(11) User=0.08s Sys=0.01s Real=0.01s
[2025-08-12T10:20:32.642-0400][gc,start    ] GC(12) Pause Young (Normal) (G1 Evacuation Pause)
[2025-08-12T10:20:32.642-0400][gc,task     ] GC(12) Using 8 workers of 8 for evacuation
[2025-08-12T10:20:32.652-0400][gc,phases   ] GC(12)   Pre Evacuate Collection Set: 0.19ms
[2025-08-12T10:20:32.652-0400][gc,phases   ] GC(12)   Merge Heap Roots: 0.06ms
[2025-08-12T10:20:32.652-0400][gc,phases   ] GC(12)   Evacuate Collection Set: 8.94ms
[2025-08-12T10:20:32.652-0400][gc,phases   ] GC(12)   Post Evacuate Collection Set: 0.41ms
[2025-08-12T10:20:32.652-0400][gc,phases   ] GC(12)   Other: 0.04ms
[2025-08-12T10:20:32.652-0400][gc,heap     ] GC(12) Eden regions: 88->0(130)
[2025-08-12T10:20:32.652-0400][gc,heap     ] GC(12) Survivor regions: 14->4(13)
[2025-08-12T10:20:32.652-0400][gc,heap     ] GC(12) Old regions: 29->44
[2025-08-12T10:20:32.652-0400][gc,heap     ] GC(12) Humongous regions: 2->2
[2025-08-12T10:20:32.652-0400][gc,metaspace] GC(12) Metaspace: 83050K(83712K)->83050K(83712K) NonClass: 70598K(70976K)->70598K(70976K) Class: 12452K(12736K)->12452K(12736K)
[2025-08-12T10:20:32.652-0400][gc          ] GC(12) Pause Young (Normal) (G1 Evacuation Pause) 264M->98M(4096M) 9.735ms
[2025-08-12T10:20:32.652-0400][gc,cpu      ] GC(12) User=0.05s Sys=0.00s Real=0.01s
[2025-08-12T10:20:33.127-0400][gc,start    ] GC(13) Pause Young (Normal) (G1 Evacuation Pause)
[2025-08-12T10:20:33.127-0400][gc,task     ] GC(13) Using 8 workers of 8 for evacuation
[2025-08-12T10:20:33.132-0400][gc,phases   ] GC(13)   Pre Evacuate Collection Set: 0.14ms
[2025-08-12T10:20:33.132-0400][gc,phases   ] GC(13)   Merge Heap Roots: 0.06ms
[2025-08-12T10:20:33.132-0400][gc,phases   ] GC(13)   Evacuate Collection Set: 4.57ms
[2025-08-12T10:20:33.132-0400][gc,phases   ] GC(13)   Post Evacuate Collection Set: 0.33ms
[2025-08-12T10:20:33.132-0400][gc,phases   ] GC(13)   Other: 0.05ms
[2025-08-12T10:20:33.132-0400][gc,heap     ] GC(13) Eden regions: 134->0(143)
[2025-08-12T10:20:33.132-0400][gc,heap     ] GC(13) Survivor regions: 4->11(18)
[2025-08-12T10:20:33.132-0400][gc,heap     ] GC(13) Old regions: 44->44
[2025-08-12T10:20:33.132-0400][gc,heap     ] GC(13) Humongous regions: 2->2
[2025-08-12T10:20:33.132-0400][gc,metaspace] GC(13) Metaspace: 85420K(86208K)->85420K(86208K) NonClass: 72565K(73024K)->72565K(73024K) Class: 12854K(13184K)->12854K(13184K)
[2025-08-12T10:20:33.132-0400][gc          ] GC(13) Pause Young (Normal) (G1 Evacuation Pause) 366M->111M(4096M) 5.276ms
[2025-08-12T10:20:33.132-0400][gc,cpu      ] GC(13) User=0.03s Sys=0.00s Real=0.01s
[2025-08-12T10:20:33.889-0400][gc,start    ] GC(14) Pause Young (Normal) (G1 Evacuation Pause)
[2025-08-12T10:20:33.889-0400][gc,task     ] GC(14) Using 8 workers of 8 for evacuation
[2025-08-12T10:20:33.894-0400][gc,phases   ] GC(14)   Pre Evacuate Collection Set: 0.18ms
[2025-08-12T10:20:33.894-0400][gc,phases   ] GC(14)   Merge Heap Roots: 0.06ms
[2025-08-12T10:20:33.894-0400][gc,phases   ] GC(14)   Evacuate Collection Set: 4.88ms
[2025-08-12T10:20:33.894-0400][gc,phases   ] GC(14)   Post Evacuate Collection Set: 0.43ms
[2025-08-12T10:20:33.894-0400][gc,phases   ] GC(14)   Other: 0.05ms
[2025-08-12T10:20:33.894-0400][gc,heap     ] GC(14) Eden regions: 147->0(189)
[2025-08-12T10:20:33.895-0400][gc,heap     ] GC(14) Survivor regions: 11->11(20)
[2025-08-12T10:20:33.895-0400][gc,heap     ] GC(14) Old regions: 44->44
[2025-08-12T10:20:33.895-0400][gc,heap     ] GC(14) Humongous regions: 2->2
[2025-08-12T10:20:33.895-0400][gc,metaspace] GC(14) Metaspace: 91943K(92928K)->91943K(92928K) NonClass: 77989K(78528K)->77989K(78528K) Class: 13953K(14400K)->13953K(14400K)
[2025-08-12T10:20:33.895-0400][gc          ] GC(14) Pause Young (Normal) (G1 Evacuation Pause) 405M->111M(4096M) 5.722ms
[2025-08-12T10:20:33.895-0400][gc,cpu      ] GC(14) User=0.03s Sys=0.00s Real=0.01s
[2025-08-12T10:21:24.286-0400][gc,start    ] GC(15) Pause Young (Concurrent Start) (Metadata GC Threshold)
[2025-08-12T10:21:24.286-0400][gc,task     ] GC(15) Using 8 workers of 8 for evacuation
[2025-08-12T10:21:24.324-0400][gc,phases   ] GC(15)   Pre Evacuate Collection Set: 0.52ms
[2025-08-12T10:21:24.324-0400][gc,phases   ] GC(15)   Merge Heap Roots: 0.10ms
[2025-08-12T10:21:24.324-0400][gc,phases   ] GC(15)   Evacuate Collection Set: 35.31ms
[2025-08-12T10:21:24.324-0400][gc,phases   ] GC(15)   Post Evacuate Collection Set: 1.52ms
[2025-08-12T10:21:24.324-0400][gc,phases   ] GC(15)   Other: 0.05ms
[2025-08-12T10:21:24.324-0400][gc,heap     ] GC(15) Eden regions: 66->0(217)
[2025-08-12T10:21:24.324-0400][gc,heap     ] GC(15) Survivor regions: 11->14(26)
[2025-08-12T10:21:24.324-0400][gc,heap     ] GC(15) Old regions: 44->44
[2025-08-12T10:21:24.324-0400][gc,heap     ] GC(15) Humongous regions: 2->2
[2025-08-12T10:21:24.324-0400][gc,metaspace] GC(15) Metaspace: 103510K(104640K)->103510K(104640K) NonClass: 87880K(88512K)->87880K(88512K) Class: 15630K(16128K)->15630K(16128K)
[2025-08-12T10:21:24.324-0400][gc          ] GC(15) Pause Young (Concurrent Start) (Metadata GC Threshold) 243M->117M(4096M) 37.792ms
[2025-08-12T10:21:24.324-0400][gc          ] GC(16) Concurrent Mark Cycle
[2025-08-12T10:21:24.324-0400][gc,cpu      ] GC(15) User=0.05s Sys=0.06s Real=0.04s
[2025-08-12T10:21:24.324-0400][gc,marking  ] GC(16) Concurrent Scan Root Regions
[2025-08-12T10:21:24.337-0400][gc,marking  ] GC(16) Concurrent Scan Root Regions 13.013ms
[2025-08-12T10:21:24.337-0400][gc,marking  ] GC(16) Concurrent Mark
[2025-08-12T10:21:24.337-0400][gc,marking  ] GC(16) Concurrent Mark From Roots
[2025-08-12T10:21:24.337-0400][gc,task     ] GC(16) Using 2 workers of 2 for marking
[2025-08-12T10:21:24.353-0400][gc,marking  ] GC(16) Concurrent Mark From Roots 15.922ms
[2025-08-12T10:21:24.353-0400][gc,marking  ] GC(16) Concurrent Preclean
[2025-08-12T10:21:24.353-0400][gc,marking  ] GC(16) Concurrent Preclean 0.173ms
[2025-08-12T10:21:24.353-0400][gc,start    ] GC(16) Pause Remark
[2025-08-12T10:21:24.357-0400][gc          ] GC(16) Pause Remark 121M->103M(4096M) 4.020ms
[2025-08-12T10:21:24.357-0400][gc,cpu      ] GC(16) User=0.01s Sys=0.00s Real=0.00s
[2025-08-12T10:21:24.357-0400][gc,marking  ] GC(16) Concurrent Mark 20.251ms
[2025-08-12T10:21:24.357-0400][gc,marking  ] GC(16) Concurrent Rebuild Remembered Sets and Scrub Regions
[2025-08-12T10:21:24.367-0400][gc,marking  ] GC(16) Concurrent Rebuild Remembered Sets and Scrub Regions 9.272ms
[2025-08-12T10:21:24.367-0400][gc,start    ] GC(16) Pause Cleanup
[2025-08-12T10:21:24.367-0400][gc          ] GC(16) Pause Cleanup 103M->103M(4096M) 0.063ms
[2025-08-12T10:21:24.367-0400][gc,cpu      ] GC(16) User=0.00s Sys=0.00s Real=0.00s
[2025-08-12T10:21:24.367-0400][gc,marking  ] GC(16) Concurrent Clear Claimed Marks
[2025-08-12T10:21:24.367-0400][gc,marking  ] GC(16) Concurrent Clear Claimed Marks 0.123ms
[2025-08-12T10:21:24.367-0400][gc,marking  ] GC(16) Concurrent Cleanup for Next Mark
[2025-08-12T10:21:24.389-0400][gc,marking  ] GC(16) Concurrent Cleanup for Next Mark 22.103ms
[2025-08-12T10:21:24.389-0400][gc          ] GC(16) Concurrent Mark Cycle 65.388ms
